---
source: tui/src/history_cell/tests.rs
assertion_line: 1041
expression: rendered
---
╭───────────────────────────────────────────────────────────╮
│ ✨ Update available! 0.135.0-copilot-api.1 -> 9.9.9       │
│ See https://github.com/gim-home/codex/releases to update. │
│                                                           │
│ See full release notes:                                   │
│ https://github.com/gim-home/codex/releases                │
╰───────────────────────────────────────────────────────────╯
